21:31:04.696597 exec-cmd.c:266          trace: resolved executable dir: D:/KimiData/daimon-bundle/runtime/git/mingw64/bin
21:31:04.714597 git.c:502               trace: built-in: git push origin main
21:31:04.716597 run-command.c:673       trace: run_command: GIT_DIR=.git git remote-https origin https://github.com/robin0703/robot-l4-exam.git
21:31:04.716597 run-command.c:934       trace: start_command: git remote-https origin https://github.com/robin0703/robot-l4-exam.git
21:31:04.768568 exec-cmd.c:266          trace: resolved executable dir: D:/KimiData/daimon-bundle/runtime/git/mingw64/libexec/git-core
21:31:04.776607 git.c:810               trace: exec: git-remote-https origin https://github.com/robin0703/robot-l4-exam.git
21:31:04.776607 run-command.c:673       trace: run_command: git-remote-https origin https://github.com/robin0703/robot-l4-exam.git
21:31:04.776607 run-command.c:934       trace: start_command: git-remote-https origin https://github.com/robin0703/robot-l4-exam.git
21:31:04.816704 exec-cmd.c:266          trace: resolved executable dir: D:/KimiData/daimon-bundle/runtime/git/mingw64/libexec/git-core
21:31:05.840324 run-command.c:673       trace: run_command: 'git credential-manager get'
21:31:05.841303 run-command.c:934       trace: start_command: D:/KimiData/daimon-bundle/runtime/git/usr/bin/sh.exe -c 'git credential-manager get' 'git credential-manager get'
21:31:05.963481 exec-cmd.c:266          trace: resolved executable dir: D:/KimiData/daimon-bundle/runtime/git/mingw64/libexec/git-core
21:31:05.968486 git.c:810               trace: exec: git-credential-manager get
21:31:05.968486 run-command.c:673       trace: run_command: git-credential-manager get
21:31:05.968486 run-command.c:934       trace: start_command: git-credential-manager get
21:31:06.119581 exec-cmd.c:266          trace: resolved executable dir: D:/KimiData/daimon-bundle/runtime/git/mingw64/libexec/git-core
21:31:06.125553 git.c:502               trace: built-in: git config --null --list
21:31:06.296168 exec-cmd.c:266          trace: resolved executable dir: D:/KimiData/daimon-bundle/runtime/git/mingw64/libexec/git-core
21:31:06.302168 git.c:502               trace: built-in: git version
21:31:06.348169 exec-cmd.c:266          trace: resolved executable dir: D:/KimiData/daimon-bundle/runtime/git/mingw64/libexec/git-core
21:31:06.354140 git.c:502               trace: built-in: git config --null --type=path credential.https://github.com.gitHubHelper
21:31:06.381209 exec-cmd.c:266          trace: resolved executable dir: D:/KimiData/daimon-bundle/runtime/git/mingw64/libexec/git-core
21:31:06.386744 git.c:502               trace: built-in: git config --null --type=path credential.github.com.gitHubHelper
21:31:06.413310 exec-cmd.c:266          trace: resolved executable dir: D:/KimiData/daimon-bundle/runtime/git/mingw64/libexec/git-core
21:31:06.419303 git.c:502               trace: built-in: git config --null --type=path credential.gitHubHelper
fatal: could not read Username for 'https://github.com': terminal prompts disabled
